// Jest Snapshot v1, https://goo.gl/fbAQLP

exports[`<GiphySection /> matches the snapshot 1`] = `
<div
  className="giphySection"
>
  <form
    className="form-inline"
    onSubmit={[Function]}
  >
    <label>
      <input
        className="form-control"
        onChange={[Function]}
        placeholder="Find me some giphys!"
        type="text"
        value=""
      />
    </label>
    <input
      className="btn btn-primary btn-sm"
      id="searchButton"
      type="submit"
      value="Search"
    />
  </form>
  <form
    className="form-inline"
    onSubmit={[Function]}
  >
    <label>
      <input
        className="form-control"
        onChange={[Function]}
        placeholder="Enter a gif url!"
        type="text"
        value=""
      />
    </label>
    <input
      className="btn btn-primary btn-sm"
      id="submitGifButton"
      type="submit"
      value="Submit a Giphy"
    />
  </form>
  <button
    className="btn btn-secondary btn-sm"
    id="surpriseButton"
    onClick={[Function]}
  >
    Suprise Me
  </button>
  <div>
    <h3
      className="text-primary"
    >
      All the giphys say PARTY!!!
    </h3>
    <div
      className="mosaic"
    />
  </div>
</div>
`;
