// Jest Snapshot v1, https://goo.gl/fbAQLP

exports[`<Mosaic /> matches the snapshot 1`] = `
<div>
  <h3
    className="text-primary"
  >
    All the giphys say PARTY!!!
  </h3>
  <div
    className="mosaic"
  >
    <div
      className="card border-primary mb-3"
    >
      <div
        className="card-header"
      />
      <div
        className="card-body"
      >
        <img
          alt={undefined}
          height="100%"
          src="https://media0.giphy.com/media/6VoDJzfRjJNbG/200.gif"
          width="100%"
        />
        <div
          className="cardButtons"
        >
          <button
            className="btn btn-info btn-sm infoButton"
            onClick={[Function]}
          >
            Info
          </button>
          <button
            className="btn btn-success btn-sm"
            type="button"
          >
            <a
              className="card-link"
              onClick={[Function]}
            >
              Share to Slack
            </a>
          </button>
        </div>
      </div>
    </div>
  </div>
</div>
`;
